11-09 16:53:06.569 |-INFO  c.x.b.BackendUserApplication:50 - Starting BackendUserApplication using Java 20.0.2 with PID 32316 (E:\Intelligent-Campus-Platform\Backend\backend-user\target\classes started by 10747 in E:\Intelligent-Campus-Platform)
11-09 16:53:06.570 |-INFO  c.x.b.BackendUserApplication:654 - No active profile set, falling back to 1 default profile: "default"
11-09 16:53:06.971 |-INFO  o.s.d.r.c.RepositoryConfigurationDelegate:295 - Multiple Spring Data modules found, entering strict repository configuration mode
11-09 16:53:06.972 |-INFO  o.s.d.r.c.RepositoryConfigurationDelegate:143 - Bootstrapping Spring Data JPA repositories in DEFAULT mode.
11-09 16:53:07.113 |-INFO  o.s.d.r.c.RepositoryConfigurationDelegate:211 - Finished Spring Data repository scanning in 137 ms. Found 1 JPA repository interface.
11-09 16:53:07.125 |-INFO  o.s.d.r.c.RepositoryConfigurationDelegate:295 - Multiple Spring Data modules found, entering strict repository configuration mode
11-09 16:53:07.127 |-INFO  o.s.d.r.c.RepositoryConfigurationDelegate:143 - Bootstrapping Spring Data Redis repositories in DEFAULT mode.
11-09 16:53:07.135 |-INFO  o.s.d.r.c.RepositoryConfigurationExtensionSupport:320 - Spring Data Redis - Could not safely identify store assignment for repository candidate interface com.xiyanchenghong.backenduser.repository.UserDao; If you want this repository to be a Redis repository, consider annotating your entities with one of these annotations: org.springframework.data.redis.core.RedisHash (preferred), or consider extending one of the following types with your repository: org.springframework.data.keyvalue.repository.KeyValueRepository
11-09 16:53:07.135 |-INFO  o.s.d.r.c.RepositoryConfigurationDelegate:211 - Finished Spring Data repository scanning in 4 ms. Found 0 Redis repository interfaces.
11-09 16:53:07.551 |-INFO  o.s.b.w.e.tomcat.TomcatWebServer:111 - Tomcat initialized with port 8081 (http)
11-09 16:53:07.558 |-INFO  o.a.coyote.http11.Http11NioProtocol:173 - Initializing ProtocolHandler ["http-nio-8081"]
11-09 16:53:07.560 |-INFO  o.a.catalina.core.StandardService:173 - Starting service [Tomcat]
11-09 16:53:07.560 |-INFO  o.a.catalina.core.StandardEngine:173 - Starting Servlet engine: [Apache Tomcat/10.1.30]
11-09 16:53:07.603 |-INFO  o.a.c.c.C.[.[.[/captcha-api]:173 - Initializing Spring embedded WebApplicationContext
11-09 16:53:07.603 |-INFO  o.s.b.w.s.c.ServletWebServerApplicationContext:296 - Root WebApplicationContext: initialization completed in 1005 ms
11-09 16:53:07.684 |-INFO  com.zaxxer.hikari.HikariDataSource:109 - HikariPool-1 - Starting...
11-09 16:53:07.884 |-INFO  com.zaxxer.hikari.pool.HikariPool:554 - HikariPool-1 - Added connection com.mysql.cj.jdbc.ConnectionImpl@6f1d799
11-09 16:53:07.885 |-INFO  com.zaxxer.hikari.HikariDataSource:122 - HikariPool-1 - Start completed.
11-09 16:53:07.907 |-INFO  o.h.jpa.internal.util.LogHelper:31 - HHH000204: Processing PersistenceUnitInfo [name: default]
11-09 16:53:07.942 |-INFO  org.hibernate.Version:44 - HHH000412: Hibernate ORM core version 6.5.3.Final
11-09 16:53:07.961 |-INFO  o.h.c.i.RegionFactoryInitiator:50 - HHH000026: Second-level cache disabled
11-09 16:53:08.134 |-INFO  o.s.o.j.p.SpringPersistenceUnitInfo:87 - No LoadTimeWeaver setup: ignoring JPA class transformer
11-09 16:53:08.666 |-INFO  o.h.e.t.j.p.i.JtaPlatformInitiator:59 - HHH000489: No JTA platform available (set 'hibernate.transaction.jta.platform' to enable JTA platform integration)
11-09 16:53:08.668 |-INFO  o.s.o.j.LocalContainerEntityManagerFactoryBean:437 - Initialized JPA EntityManagerFactory for persistence unit 'default'
11-09 16:53:08.743 |-INFO  org.redisson.Version:43 - Redisson 3.38.1
11-09 16:53:08.955 |-INFO  o.r.connection.ConnectionsHolder:132 - 1 connections initialized for 127.0.0.1/127.0.0.1:6379
11-09 16:53:09.011 |-INFO  o.r.connection.ConnectionsHolder:132 - 24 connections initialized for 127.0.0.1/127.0.0.1:6379
11-09 16:53:09.086 |-WARN  o.s.b.w.s.c.AnnotationConfigServletWebServerApplicationContext:633 - Exception encountered during context initialization - cancelling refresh attempt: org.springframework.beans.factory.UnsatisfiedDependencyException: Error creating bean with name 'captchaController': Unsatisfied dependency expressed through field 'captchaService': Error creating bean with name 'captchaService' defined in class path resource [com/xiyanchenghong/backenduser/controller/CaptchaConfig.class]: Failed to instantiate [com.anji.captcha.service.CaptchaService]: Factory method 'captchaService' threw exception with message: com.anji.captcha.service.CaptchaCacheService: Provider com.anji.captcha.demo.service.CaptchaCacheServiceRedisImpl not found
11-09 16:53:09.094 |-INFO  o.s.o.j.LocalContainerEntityManagerFactoryBean:650 - Closing JPA EntityManagerFactory for persistence unit 'default'
11-09 16:53:09.096 |-INFO  com.zaxxer.hikari.HikariDataSource:349 - HikariPool-1 - Shutdown initiated...
11-09 16:53:09.099 |-INFO  com.zaxxer.hikari.HikariDataSource:351 - HikariPool-1 - Shutdown completed.
11-09 16:53:09.100 |-INFO  o.a.catalina.core.StandardService:173 - Stopping service [Tomcat]
11-09 16:53:09.107 |-INFO  o.s.b.a.l.ConditionEvaluationReportLogger:82 - 

Error starting ApplicationContext. To display the condition evaluation report re-run your application with 'debug' enabled.
11-09 16:53:09.116 |-ERROR o.s.boot.SpringApplication:859 - Application run failed
org.springframework.beans.factory.UnsatisfiedDependencyException: Error creating bean with name 'captchaController': Unsatisfied dependency expressed through field 'captchaService': Error creating bean with name 'captchaService' defined in class path resource [com/xiyanchenghong/backenduser/controller/CaptchaConfig.class]: Failed to instantiate [com.anji.captcha.service.CaptchaService]: Factory method 'captchaService' threw exception with message: com.anji.captcha.service.CaptchaCacheService: Provider com.anji.captcha.demo.service.CaptchaCacheServiceRedisImpl not found
	at org.springframework.beans.factory.annotation.AutowiredAnnotationBeanPostProcessor$AutowiredFieldElement.resolveFieldValue(AutowiredAnnotationBeanPostProcessor.java:788)
	at org.springframework.beans.factory.annotation.AutowiredAnnotationBeanPostProcessor$AutowiredFieldElement.inject(AutowiredAnnotationBeanPostProcessor.java:768)
	at org.springframework.beans.factory.annotation.InjectionMetadata.inject(InjectionMetadata.java:145)
	at org.springframework.beans.factory.annotation.AutowiredAnnotationBeanPostProcessor.postProcessProperties(AutowiredAnnotationBeanPostProcessor.java:509)
	at org.springframework.beans.factory.support.AbstractAutowireCapableBeanFactory.populateBean(AbstractAutowireCapableBeanFactory.java:1439)
	at org.springframework.beans.factory.support.AbstractAutowireCapableBeanFactory.doCreateBean(AbstractAutowireCapableBeanFactory.java:599)
	at org.springframework.beans.factory.support.AbstractAutowireCapableBeanFactory.createBean(AbstractAutowireCapableBeanFactory.java:522)
	at org.springframework.beans.factory.support.AbstractBeanFactory.lambda$doGetBean$0(AbstractBeanFactory.java:337)
	at org.springframework.beans.factory.support.DefaultSingletonBeanRegistry.getSingleton(DefaultSingletonBeanRegistry.java:234)
	at org.springframework.beans.factory.support.AbstractBeanFactory.doGetBean(AbstractBeanFactory.java:335)
	at org.springframework.beans.factory.support.AbstractBeanFactory.getBean(AbstractBeanFactory.java:200)
	at org.springframework.beans.factory.support.DefaultListableBeanFactory.preInstantiateSingletons(DefaultListableBeanFactory.java:975)
	at org.springframework.context.support.AbstractApplicationContext.finishBeanFactoryInitialization(AbstractApplicationContext.java:971)
	at org.springframework.context.support.AbstractApplicationContext.refresh(AbstractApplicationContext.java:625)
	at org.springframework.boot.web.servlet.context.ServletWebServerApplicationContext.refresh(ServletWebServerApplicationContext.java:146)
	at org.springframework.boot.SpringApplication.refresh(SpringApplication.java:754)
	at org.springframework.boot.SpringApplication.refreshContext(SpringApplication.java:456)
	at org.springframework.boot.SpringApplication.run(SpringApplication.java:335)
	at org.springframework.boot.SpringApplication.run(SpringApplication.java:1363)
	at org.springframework.boot.SpringApplication.run(SpringApplication.java:1352)
	at com.xiyanchenghong.backenduser.BackendUserApplication.main(BackendUserApplication.java:9)
Caused by: org.springframework.beans.factory.BeanCreationException: Error creating bean with name 'captchaService' defined in class path resource [com/xiyanchenghong/backenduser/controller/CaptchaConfig.class]: Failed to instantiate [com.anji.captcha.service.CaptchaService]: Factory method 'captchaService' threw exception with message: com.anji.captcha.service.CaptchaCacheService: Provider com.anji.captcha.demo.service.CaptchaCacheServiceRedisImpl not found
	at org.springframework.beans.factory.support.ConstructorResolver.instantiate(ConstructorResolver.java:648)
	at org.springframework.beans.factory.support.ConstructorResolver.instantiateUsingFactoryMethod(ConstructorResolver.java:485)
	at org.springframework.beans.factory.support.AbstractAutowireCapableBeanFactory.instantiateUsingFactoryMethod(AbstractAutowireCapableBeanFactory.java:1355)
	at org.springframework.beans.factory.support.AbstractAutowireCapableBeanFactory.createBeanInstance(AbstractAutowireCapableBeanFactory.java:1185)
	at org.springframework.beans.factory.support.AbstractAutowireCapableBeanFactory.doCreateBean(AbstractAutowireCapableBeanFactory.java:562)
	at org.springframework.beans.factory.support.AbstractAutowireCapableBeanFactory.createBean(AbstractAutowireCapableBeanFactory.java:522)
	at org.springframework.beans.factory.support.AbstractBeanFactory.lambda$doGetBean$0(AbstractBeanFactory.java:337)
	at org.springframework.beans.factory.support.DefaultSingletonBeanRegistry.getSingleton(DefaultSingletonBeanRegistry.java:234)
	at org.springframework.beans.factory.support.AbstractBeanFactory.doGetBean(AbstractBeanFactory.java:335)
	at org.springframework.beans.factory.support.AbstractBeanFactory.getBean(AbstractBeanFactory.java:200)
	at org.springframework.beans.factory.config.DependencyDescriptor.resolveCandidate(DependencyDescriptor.java:254)
	at org.springframework.beans.factory.support.DefaultListableBeanFactory.doResolveDependency(DefaultListableBeanFactory.java:1443)
	at org.springframework.beans.factory.support.DefaultListableBeanFactory.resolveDependency(DefaultListableBeanFactory.java:1353)
	at org.springframework.beans.factory.annotation.AutowiredAnnotationBeanPostProcessor$AutowiredFieldElement.resolveFieldValue(AutowiredAnnotationBeanPostProcessor.java:785)
	... 20 common frames omitted
Caused by: org.springframework.beans.BeanInstantiationException: Failed to instantiate [com.anji.captcha.service.CaptchaService]: Factory method 'captchaService' threw exception with message: com.anji.captcha.service.CaptchaCacheService: Provider com.anji.captcha.demo.service.CaptchaCacheServiceRedisImpl not found
	at org.springframework.beans.factory.support.SimpleInstantiationStrategy.instantiate(SimpleInstantiationStrategy.java:178)
	at org.springframework.beans.factory.support.ConstructorResolver.instantiate(ConstructorResolver.java:644)
	... 33 common frames omitted
Caused by: java.util.ServiceConfigurationError: com.anji.captcha.service.CaptchaCacheService: Provider com.anji.captcha.demo.service.CaptchaCacheServiceRedisImpl not found
	at java.base/java.util.ServiceLoader.fail(ServiceLoader.java:593)
	at java.base/java.util.ServiceLoader$LazyClassPathLookupIterator.nextProviderClass(ServiceLoader.java:1219)
	at java.base/java.util.ServiceLoader$LazyClassPathLookupIterator.hasNextService(ServiceLoader.java:1228)
	at java.base/java.util.ServiceLoader$LazyClassPathLookupIterator.hasNext(ServiceLoader.java:1273)
	at java.base/java.util.ServiceLoader$2.hasNext(ServiceLoader.java:1309)
	at java.base/java.util.ServiceLoader$3.hasNext(ServiceLoader.java:1393)
	at com.anji.captcha.service.impl.CaptchaServiceFactory.<clinit>(CaptchaServiceFactory.java:49)
	at com.xiyanchenghong.backenduser.controller.CaptchaConfig.captchaService(CaptchaConfig.java:28)
	at com.xiyanchenghong.backenduser.controller.CaptchaConfig$$SpringCGLIB$$0.CGLIB$captchaService$1(<generated>)
	at com.xiyanchenghong.backenduser.controller.CaptchaConfig$$SpringCGLIB$$FastClass$$1.invoke(<generated>)
	at org.springframework.cglib.proxy.MethodProxy.invokeSuper(MethodProxy.java:258)
	at org.springframework.context.annotation.ConfigurationClassEnhancer$BeanMethodInterceptor.intercept(ConfigurationClassEnhancer.java:348)
	at com.xiyanchenghong.backenduser.controller.CaptchaConfig$$SpringCGLIB$$0.captchaService(<generated>)
	at java.base/jdk.internal.reflect.DirectMethodHandleAccessor.invoke(DirectMethodHandleAccessor.java:104)
	at java.base/java.lang.reflect.Method.invoke(Method.java:578)
	at org.springframework.beans.factory.support.SimpleInstantiationStrategy.instantiate(SimpleInstantiationStrategy.java:146)
	... 34 common frames omitted
